Loading model from models\plant_disease_model.keras...
Model loaded successfully.
Loaded 45 class indices.
Testing full flow on: C:/Users/hp/.gemini/antigravity/brain/6ddf77a4-6708-46b1-9c1a-26b14f395c3e/uploaded_image_1764691325499.png

--- Step 1: Local Model Prediction ---

[1m1/1[0m [32m====================[0m[37m[0m [1m0s[0m 2s/step
[1m1/1[0m [32m====================[0m[37m[0m [1m2s[0m 2s/step
Local Result: {'label': 'Unknown', 'confidence': 0.34080979228019714, 'original_label': 'Banana_Healthy_Leaf'}

--- Step 2: Fallback to Gemini ---
Local model returned Unknown. Calling Gemini...

SUCCESS: Gemini returned a result!
Plant: Tomato (Solanum lycopersicum)
Disease: Septoria Leaf Spot
Confidence: 0.9
Details: {'description': 'The image displays symptoms highly indicative of Septoria Leaf Spot, a fungal disease. Characterized by small, circular to angular yellow spots on the leaves. These spots often develop gray or tan centers with distinct dark brown or black borders. If left untreated, the disease spreads rapidly, causing severe defoliation starting with the lower, older leaves.', 'treatment': {'organic': 'Prune and dispose of infected leaves immediately (do not compost). Apply organic copper fungicides or neem oil weekly, especially after rainfall or heavy dew. Mulch beneath plants to prevent soil splash.', 'chemical': 'Use fungicides containing chlorothalonil (e.g., Daconil) or mancozeb. Apply them according to label instructions, typically every 7 to 10 days, ensuring thorough coverage of the foliage. Rotate active ingredients to prevent fungal resistance.'}, 'prevention': 'Ensure good air circulation by pruning excess foliage and spacing plants adequately. Avoid overhead watering, which helps spread fungal spores; water the base of the plant early in the day. Use stakes or cages to keep foliage off the ground. Practice crop rotation and clean up all plant debris at the end of the growing season.'}
